disabled[?1049h[?1h=[1;44r[?12;25h[?12l[?25h[?25l[m[38;5;252m[48;5;233m[44;1H[97m[41m处理 command line 时发生错误:[m[38;5;252m[48;5;233m
[97m[41mE492: 不是编辑器的命令: BundleInstall
[m[38;5;252m[48;5;233m[39;49m[?1l>[?12l[?25h[?1049l[?1049h[?1h=[1;44r[?12;25h[?12l[?25h[?25l[m[38;5;252m[48;5;233m[44;1H[97m[41m处理 command line 时发生错误:[m[38;5;252m[48;5;233m
[97m[41mE492: 不是编辑器的命令: BundleDocs
[m[38;5;252m[48;5;233m[39;49m[?1l>[?12l[?25h[?1049l